<?php
return [
	'fields' => [
		'id' => [
			'name' => 'id',
			'type' => 'int',
			'length' => 10,
			'nullable' => false,
		],
	],
	'indexes' => [
		'PRIMARY' => [
			'name' => 'PRIMARY',
			'type' => 'primary',
			'columns' => [
				'id' => 'id',
			],
		],
	],
	'foreign_keys' => [
		'fkey_prepare_sample_data' => [
			'name' => 'fkey_prepare_sample_data',
			'columns' => [
				'id' => 'id',
			],
			'ref_table' => 'test_dump_2',
			'ref_columns' => [
				'id' => 'id',
			],
			'on_update' => 'RESTRICT',
			'on_delete' => 'RESTRICT',
		],
	],
	'options' => [
		'engine' => 'InnoDB',
		'charset' => 'utf8',
	],
];